---
source: src/html_render.rs
expression: "simple_message(String::from(\"simple\"), String::from(\"test\"))"
---
"<!DOCTYPE html><html><head><title>Eloran</title><meta charset=\"UTF-8\"><meta name=\"viewport\" content=\"width=device-width\"><link rel=\"stylesheet\" href=\"/css/eloran.css\"><link rel=\"stylesheet\" href=\"/css/w3.css\"><link rel=\"stylesheet\" href=\"/css/w3-theme-dark-grey.css\"><meta http-equiv=\"Cache-Control\" content=\"no-cache, no-store, must-revalidate\"><meta http-equiv=\"Pragma\" content=\"no-cache\"><meta http-equiv=\"Expires\" content=\"0\"><meta http-equiv=\"refresh\" content=\"0; url='test'\"></head><body class=\"w3-theme-dark\"><h2 id=\"heading\">Eloran</h2><div><p>simple</p></div></body></html>"
