---
source: src/html_render.rs
expression: "admin(&user, library_list, user_list)"
---
"<!DOCTYPE html><html><head><title>Eloran</title><meta charset=\"UTF-8\"><meta name=\"viewport\" content=\"width=device-width\"><link rel=\"stylesheet\" href=\"/css/eloran.css\"><link rel=\"stylesheet\" href=\"/css/w3.css\"><meta http-equiv=\"Cache-Control\" content=\"no-cache, no-store, must-revalidate\"><meta http-equiv=\"Pragma\" content=\"no-cache\"><meta http-equiv=\"Expires\" content=\"0\"></head><body class=\"w3-theme-dark\"><h2 id=\"heading\">Eloran</h2><div id=\"menu\"><p><a href=\"/library\">library</a> | <a href=\"/bookmarks\">bookmarks</a> | <a href=\"/reading\">reading</a> | <a href=\"/prefs\">preferences</a> |  - User (<a href=\"/logout\">logout</a>)</p><form accept-charset=\"utf-8\" action=\"/search\" method=\"post\"><input type=\"text\" placeholder=\"Search..\" name=\"query\"></form></div><h2>Admin Panel</h2><h3>Libraries Path</h3><div><ul><li><form accept-charset=\"utf-8\" action=\"/admin/library/new\" method=\"post\"><input type=\"text\" name=\"path\" placeholder=\"absolute path\" required><input type=\"submit\" value=\"New library path\"></form></li></ul></div><h3>Options</h3><div><ul><li><form accept-charset=\"utf-8\" action=\"/sleep_time\" method=\"post\"><input type=\"text\" name=\"time\" placeholder=\"periodic library scan sleep time\" required><input type=\"submit\" value=\"Update (todo)\"></form></li></ul></div><h3>Users</h3><div><ul><li><form accept-charset=\"utf-8\" action=\"/admin/user/new\" method=\"post\"><input type=\"text\" name=\"name\" placeholder=\"name\" required> <input type=\"password\" name=\"password\" placeholder=\"password\" required> <input type=\"checkbox\" id=\"admin_box\" name=\"is_admin\"><label for=\"admin_box\"> Admin </label><input type=\"submit\" value=\"New user\"></form></li></ul></div><h3>Stats</h3><div><ul><li>Number of publication : ğŸ¤·</li><li>Number of users : ğŸ¤·</li><li>Publication readed : ğŸ¤·</li><li>Publication bookmarked : ğŸ¤·</li></ul></div></body></html>"
