---
source: src/html_render.rs
expression: "file_info(&user, &file, current_page, bookmark_status, read_status, up_link)"
---
"<!DOCTYPE html><html><head><title>Eloran</title><meta charset=\"UTF-8\"><meta name=\"viewport\" content=\"width=device-width\"><link rel=\"stylesheet\" href=\"/css/eloran.css\"><link rel=\"stylesheet\" href=\"/css/w3.css\"><meta http-equiv=\"Cache-Control\" content=\"no-cache, no-store, must-revalidate\"><meta http-equiv=\"Pragma\" content=\"no-cache\"><meta http-equiv=\"Expires\" content=\"0\"></head><body class=\"w3-theme-dark\"><h2 id=\"heading\">Eloran</h2><div id=\"menu\"><p><a href=\"/library\">library</a> | <a href=\"/bookmarks\">bookmarks</a> | <a href=\"/reading\">reading</a> | <a href=\"/prefs\">preferences</a> |  - User (<a href=\"/logout\">logout</a>)</p><form accept-charset=\"utf-8\" action=\"/search\" method=\"post\"><input type=\"text\" placeholder=\"Search..\" name=\"query\"></form></div><div id=\"infos\"><h2 style=\"text-align: center;\"><a href=\"/read//2\" class=\"navigation\" target=\"_blank\">📖 read file</a> | <a href=\"/download/\" class=\"navigation\">⤵ download</a></h2><h2><a href=\"some/up/link\" class=\"navigation\">↖️  up</a></h2><div id=\"flags\"><a href=\"/toggle/bookmark/\">toggle bookmarks</a><br><a href=\"/toggle/read_status/\">toggle read status</a></div><div id=\"infos\"><h4 style=\"text-align: center;\">✅</h4><h2 style=\"text-align: center;\"></h2><img src=\"/cover/\" alt=\"cover\" width=\"150\" height=\"230\" class=\"infos\"><p style=\"text-align: center;\">size : 0<br>page : 2/0<br>type : <br>added : 0</p></div></div></body></html>"
