---
source: src/html_render.rs
expression: "ebook_reader(&user, &file, epub_content, page)"
---
"<!DOCTYPE html><html><head><title>Eloran</title><meta charset=\"UTF-8\"><meta name=\"viewport\" content=\"width=device-width\"><link rel=\"stylesheet\" href=\"/css/eloran.css\"><link rel=\"stylesheet\" href=\"/css/w3.css\"><link rel=\"stylesheet\" href=\"/css/w3-theme-dark-grey.css\"><meta http-equiv=\"Cache-Control\" content=\"no-cache, no-store, must-revalidate\"><meta http-equiv=\"Pragma\" content=\"no-cache\"><meta http-equiv=\"Expires\" content=\"0\"></head><body class=\"w3-theme-dark\"><h2 id=\"heading\">Eloran</h2><div id=\"menu\"><p><a href=\"/library\">library</a> | <a href=\"/bookmarks\">bookmarks</a> | <a href=\"/reading\">reading</a> | <a href=\"/prefs\">preferences</a> |  - User (<a href=\"/logout\">logout</a>)</p><form accept-charset=\"utf-8\" action=\"/search\" method=\"post\"><input type=\"text\" placeholder=\"Search..\" name=\"query\"></form></div><h1 id=\"navigation\" align=\"center\"><a href=\"/read//9\" class=\"navigation\">⬅️</a> | <a href=\"/read//0\" class=\"navigation\">start</a> | <a href=\"/infos/\" class=\"navigation\">close</a> | <a href=\"/read//-1\" class=\"navigation\">end</a> | <a href=\"/read//-1\" class=\"navigation\">➡️</a></h1><div id=\"epub-content\"><p>Lorem ipsum dolor sit amet</p></div></body></html>"
