---
source: src/html_render.rs
expression: library_display(list_to_display)
---
"<!DOCTYPE html><html><head><title>Eloran</title><meta charset=\"UTF-8\"><meta name=\"viewport\" content=\"width=device-width\"><link rel=\"stylesheet\" href=\"/css/eloran.css\"><link rel=\"stylesheet\" href=\"/css/w3.css\"><meta http-equiv=\"Cache-Control\" content=\"no-cache, no-store, must-revalidate\"><meta http-equiv=\"Pragma\" content=\"no-cache\"><meta http-equiv=\"Expires\" content=\"0\"></head><body class=\"w3-theme-dark\"><h2 id=\"heading\">Eloran</h2><div id=\"menu\"><p><a href=\"/library\">library</a> | <a href=\"/bookmarks\">bookmarks</a> | <a href=\"/reading\">reading</a> | <a href=\"/prefs\">preferences</a> |  - User (<a href=\"/logout\">logout</a>)</p><form accept-charset=\"utf-8\" action=\"/search\" method=\"post\"><input type=\"text\" placeholder=\"Search..\" name=\"query\"></form></div><div id=\"library-content\"><p>Library some/path is empty, please be patient<form action=\"/admin/library/0\" method=\"post\"><div><input type=\"submit\" name=\"full_rescan\" value=\"Force a full rescan\"></div></form></p></div></body></html>"
