---
source: src/http_server.rs
expression: res.text().await
---
"<!DOCTYPE html><html><head><title>Eloran</title><meta charset=\"UTF-8\"><meta name=\"viewport\" content=\"width=device-width\"><link rel=\"stylesheet\" href=\"/css/eloran.css\"><link rel=\"stylesheet\" href=\"/css/w3.css\"><meta http-equiv=\"Cache-Control\" content=\"no-cache, no-store, must-revalidate\"><meta http-equiv=\"Pragma\" content=\"no-cache\"><meta http-equiv=\"Expires\" content=\"0\"></head><body class=\"w3-theme-dark\"><h2 id=\"heading\">Eloran</h2><p>Please login :</p><p><form accept-charset=\"utf-8\" action=\"/login\" method=\"post\"><input type=\"text\" name=\"user\" placeholder=\"username\" required><br><input type=\"password\" name=\"password\" placeholder=\"password\" required><br><input type=\"submit\" value=\"Login\"></form></p></body></html>"
