---
source: src/http_server.rs
expression: res.text().await
---
"<!DOCTYPE html><html><head><title>Eloran</title><meta charset=\"UTF-8\"><meta name=\"viewport\" content=\"width=device-width\"><link rel=\"stylesheet\" href=\"/css/eloran.css\"><link rel=\"stylesheet\" href=\"/css/w3.css\"><meta http-equiv=\"Cache-Control\" content=\"no-cache, no-store, must-revalidate\"><meta http-equiv=\"Pragma\" content=\"no-cache\"><meta http-equiv=\"Expires\" content=\"0\"><meta http-equiv=\"refresh\" content=\"0; url='/library'\"></head><body class=\"w3-theme-dark\"><h2 id=\"heading\">Eloran</h2><p>Successfully logged in as: admin, role Admin</p><p><a href=\"/\">return home</a></p></body></html>"
